// Jest Snapshot v1, https://goo.gl/fbAQLP

exports[`Container should generate a container 1`] = `
<div
  className="container is-fluid is-widescreen is-fullhd"
>
  Sample container
</div>
`;
